ok - detached clean ancestor is re-attached and fast-forwarded (recovered)
ok - detached HEAD with unique commits is reported STUCK and left untouched
ok - detached clean ancestor with diverged local default is reported STUCK and left untouched
ok - dirty working tree is reported STUCK and left untouched
ok - non-default named branch is reported STUCK and left untouched
ok - diverged default branch is reported STUCK and left untouched
ok - on-default clean behind clone still fast-forwards
ok - already-current clone is reported unchanged
ok - no-origin clone is skipped (benign), not flagged STUCK
ok - local-only clone is skipped (benign), retaining its merged task branch for authorized cleanup
ok - a branch update between merged proof and deletion is left intact
ok - the per-branch lock serializes a competing ref move and the in-lock exact-tip check preserves it
ok - a worktree checkout between merged proof and deletion leaves the branch intact
ok - git's native branch deletion guard refuses a checkout at the final locked boundary
ok - the gone-upstream sweep preserves an inactive unmerged local fm/* branch and its recovery ref
ok - routine branch pruning defaults on and honors the explicit disable switch
ok - routine fleet sync leaves a branch with an active worktree untouched
ok - the sweep and its shared proof both refuse to ever target the default/protected branch
ok - single-project form accepts a bare project name
ok - single-project bare name resolution is not cwd-sensitive
ok - single-project form accepts a projects/<name> relative name
ok - single-project projects/<name> resolution is not cwd-sensitive
ok - single-project form leaves a genuinely bad name unresolved
ok - single-project sync leaves an enclosing repository untouched for a nested path
ok - whole-fleet form processes every clone under projects/
ok - bootstrap relays recovered: and STUCK: fleet-sync outcomes
ok - orphaned provably-stale packed-refs.lock is cleared and the clone syncs
ok - a live packed-refs.lock is never removed and the sync fails loudly
ok - a live process holding the clone worktree dir blocks lock removal (clone-dir liveness)
ok - a transient packed-refs.lock that self-clears is retried without a force-remove
ok - a non-packed-refs.lock fetch failure keeps today's behavior (no retry)
exit_code=0
